
2024/08/24 (18:57:51) | ===> btop++ v.1.3.2
2024/08/24 (18:57:51) | ERROR: Invalid hex value: ebfafa

# Color of inactive/disabled text
theme[inactive_fg]=
2024/08/24 (18:57:51) | ERROR: Invalid hex value: ebfafa

# Background color of the percentage meters
theme[meter_bg]=
2024/08/24 (18:57:51) | ERROR: Invalid hex value: ebfafa

# Title color for boxes
theme[title]=
2024/08/24 (18:57:52) | ERROR: Invalid hex value: ebfafa

# Color of inactive/disabled text
theme[inactive_fg]=
2024/08/24 (18:57:52) | ERROR: Invalid hex value: ebfafa

# Background color of the percentage meters
theme[meter_bg]=
2024/08/24 (18:57:52) | ERROR: Invalid hex value: ebfafa

# Title color for boxes
theme[title]=
2024/08/24 (18:57:59) | ERROR: Invalid hex value: ebfafa

# Color of inactive/disabled text
theme[inactive_fg]=
2024/08/24 (18:57:59) | ERROR: Invalid hex value: ebfafa

# Background color of the percentage meters
theme[meter_bg]=
2024/08/24 (18:57:59) | ERROR: Invalid hex value: ebfafa

# Title color for boxes
theme[title]=
2024/08/24 (18:58:05) | ERROR: Invalid hex value: ebfafa

# Color of inactive/disabled text
theme[inactive_fg]=
2024/08/24 (18:58:05) | ERROR: Invalid hex value: ebfafa

# Background color of the percentage meters
theme[meter_bg]=
2024/08/24 (18:58:05) | ERROR: Invalid hex value: ebfafa

# Title color for boxes
theme[title]=
2024/08/24 (18:58:10) | ERROR: Invalid hex value: ebfafa

# Color of inactive/disabled text
theme[inactive_fg]=
2024/08/24 (18:58:10) | ERROR: Invalid hex value: ebfafa

# Background color of the percentage meters
theme[meter_bg]=
2024/08/24 (18:58:10) | ERROR: Invalid hex value: ebfafa

# Title color for boxes
theme[title]=
2024/08/24 (18:58:15) | ERROR: Invalid hex value: ebfafa

# Color of inactive/disabled text
theme[inactive_fg]=
2024/08/24 (18:58:15) | ERROR: Invalid hex value: ebfafa

# Background color of the percentage meters
theme[meter_bg]=
2024/08/24 (18:58:15) | ERROR: Invalid hex value: ebfafa

# Title color for boxes
theme[title]=
2024/08/24 (18:58:22) | ERROR: Invalid hex value: ebfafa

# Color of inactive/disabled text
theme[inactive_fg]=
2024/08/24 (18:58:22) | ERROR: Invalid hex value: ebfafa

# Background color of the percentage meters
theme[meter_bg]=
2024/08/24 (18:58:22) | ERROR: Invalid hex value: ebfafa

# Title color for boxes
theme[title]=
2024/08/24 (18:58:29) | ERROR: Invalid hex value: ebfafa

# Color of inactive/disabled text
theme[inactive_fg]=
2024/08/24 (18:58:29) | ERROR: Invalid hex value: ebfafa

# Background color of the percentage meters
theme[meter_bg]=
2024/08/24 (18:58:29) | ERROR: Invalid hex value: ebfafa

# Title color for boxes
theme[title]=

2024/08/24 (20:16:19) | ===> btop++ v.1.3.2
2024/08/24 (20:16:19) | ERROR: Invalid hex value: ebfafa

# Color of inactive/disabled text
theme[inactive_fg]=
2024/08/24 (20:16:19) | ERROR: Invalid hex value: ebfafa

# Background color of the percentage meters
theme[meter_bg]=
2024/08/24 (20:16:19) | ERROR: Invalid hex value: ebfafa

# Title color for boxes
theme[title]=

2024/08/25 (01:43:21) | ===> btop++ v.1.3.2
2024/08/25 (01:43:21) | ERROR: Invalid hex value: ebfafa

# Color of inactive/disabled text
theme[inactive_fg]=
2024/08/25 (01:43:21) | ERROR: Invalid hex value: ebfafa

# Background color of the percentage meters
theme[meter_bg]=
2024/08/25 (01:43:21) | ERROR: Invalid hex value: ebfafa

# Title color for boxes
theme[title]=

2024/08/26 (16:39:37) | ===> btop++ v.1.3.2
2024/08/26 (16:39:37) | ERROR: Invalid hex value: ebfafa

# Color of inactive/disabled text
theme[inactive_fg]=
2024/08/26 (16:39:37) | ERROR: Invalid hex value: ebfafa

# Background color of the percentage meters
theme[meter_bg]=
2024/08/26 (16:39:37) | ERROR: Invalid hex value: ebfafa

# Title color for boxes
theme[title]=

2024/08/26 (18:52:39) | ===> btop++ v.1.3.2
2024/08/26 (18:52:39) | ERROR: Invalid hex value: ebfafa

# Color of inactive/disabled text
theme[inactive_fg]=
2024/08/26 (18:52:39) | ERROR: Invalid hex value: ebfafa

# Background color of the percentage meters
theme[meter_bg]=
2024/08/26 (18:52:39) | ERROR: Invalid hex value: ebfafa

# Title color for boxes
theme[title]=

2024/08/31 (04:19:03) | ===> btop++ v.1.3.2
2024/08/31 (04:19:03) | ERROR: Invalid hex value: ebfafa

# Color of inactive/disabled text
theme[inactive_fg]=
2024/08/31 (04:19:03) | ERROR: Invalid hex value: ebfafa

# Background color of the percentage meters
theme[meter_bg]=
2024/08/31 (04:19:03) | ERROR: Invalid hex value: ebfafa

# Title color for boxes
theme[title]=

2024/08/31 (10:52:11) | ===> btop++ v.1.3.2
2024/08/31 (10:52:11) | ERROR: Invalid hex value: ebfafa

# Color of inactive/disabled text
theme[inactive_fg]=
2024/08/31 (10:52:11) | ERROR: Invalid hex value: ebfafa

# Background color of the percentage meters
theme[meter_bg]=
2024/08/31 (10:52:11) | ERROR: Invalid hex value: ebfafa

# Title color for boxes
theme[title]=

2024/08/31 (10:53:27) | ===> btop++ v.1.3.2
2024/08/31 (10:53:27) | ERROR: Invalid hex value: ebfafa

# Color of inactive/disabled text
theme[inactive_fg]=
2024/08/31 (10:53:27) | ERROR: Invalid hex value: ebfafa

# Background color of the percentage meters
theme[meter_bg]=
2024/08/31 (10:53:27) | ERROR: Invalid hex value: ebfafa

# Title color for boxes
theme[title]=

2024/11/15 (17:29:40) | ===> btop++ v.1.4.0
2024/11/15 (17:29:40) | ERROR: Invalid hex value: ebfafa

# Color of inactive/disabled text
theme[inactive_fg]=
2024/11/15 (17:29:40) | ERROR: Invalid hex value: ebfafa

# Background color of the percentage meters
theme[meter_bg]=
2024/11/15 (17:29:40) | ERROR: Invalid hex value: ebfafa

# Title color for boxes
theme[title]=

2024/11/15 (21:05:51) | ===> btop++ v.1.4.0
2024/11/15 (21:05:51) | ERROR: Invalid hex value: ebfafa

# Color of inactive/disabled text
theme[inactive_fg]=
2024/11/15 (21:05:51) | ERROR: Invalid hex value: ebfafa

# Background color of the percentage meters
theme[meter_bg]=
2024/11/15 (21:05:51) | ERROR: Invalid hex value: ebfafa

# Title color for boxes
theme[title]=

2024/11/16 (16:50:02) | ===> btop++ v.1.4.0
2024/11/16 (16:50:02) | ERROR: Invalid hex value: ebfafa

# Color of inactive/disabled text
theme[inactive_fg]=
2024/11/16 (16:50:02) | ERROR: Invalid hex value: ebfafa

# Background color of the percentage meters
theme[meter_bg]=
2024/11/16 (16:50:02) | ERROR: Invalid hex value: ebfafa

# Title color for boxes
theme[title]=

2024/11/16 (21:02:10) | ===> btop++ v.1.4.0
2024/11/16 (21:02:10) | ERROR: Invalid hex value: ebfafa

# Color of inactive/disabled text
theme[inactive_fg]=
2024/11/16 (21:02:10) | ERROR: Invalid hex value: ebfafa

# Background color of the percentage meters
theme[meter_bg]=
2024/11/16 (21:02:10) | ERROR: Invalid hex value: ebfafa

# Title color for boxes
theme[title]=

2024/11/17 (13:40:12) | ===> btop++ v.1.4.0
2024/11/17 (13:40:12) | ERROR: Invalid hex value: ebfafa

# Color of inactive/disabled text
theme[inactive_fg]=
2024/11/17 (13:40:12) | ERROR: Invalid hex value: ebfafa

# Background color of the percentage meters
theme[meter_bg]=
2024/11/17 (13:40:12) | ERROR: Invalid hex value: ebfafa

# Title color for boxes
theme[title]=

2024/11/20 (18:38:39) | ===> btop++ v.1.4.0
2024/11/20 (18:38:39) | ERROR: Invalid hex value: ebfafa

# Color of inactive/disabled text
theme[inactive_fg]=
2024/11/20 (18:38:39) | ERROR: Invalid hex value: ebfafa

# Background color of the percentage meters
theme[meter_bg]=
2024/11/20 (18:38:39) | ERROR: Invalid hex value: ebfafa

# Title color for boxes
theme[title]=

2024/11/20 (18:38:59) | ===> btop++ v.1.4.0
2024/11/20 (18:38:59) | ERROR: Invalid hex value: ebfafa

# Color of inactive/disabled text
theme[inactive_fg]=
2024/11/20 (18:38:59) | ERROR: Invalid hex value: ebfafa

# Background color of the percentage meters
theme[meter_bg]=
2024/11/20 (18:38:59) | ERROR: Invalid hex value: ebfafa

# Title color for boxes
theme[title]=

2024/11/20 (18:39:03) | ===> btop++ v.1.4.0
2024/11/20 (18:39:03) | ERROR: Invalid hex value: ebfafa

# Color of inactive/disabled text
theme[inactive_fg]=
2024/11/20 (18:39:03) | ERROR: Invalid hex value: ebfafa

# Background color of the percentage meters
theme[meter_bg]=
2024/11/20 (18:39:03) | ERROR: Invalid hex value: ebfafa

# Title color for boxes
theme[title]=

2024/11/27 (14:47:56) | ===> btop++ v.1.4.0
2024/11/27 (14:47:56) | ERROR: Invalid hex value: ebfafa

# Color of inactive/disabled text
theme[inactive_fg]=
2024/11/27 (14:47:56) | ERROR: Invalid hex value: ebfafa

# Background color of the percentage meters
theme[meter_bg]=
2024/11/27 (14:47:56) | ERROR: Invalid hex value: ebfafa

# Title color for boxes
theme[title]=

2024/11/27 (18:46:47) | ===> btop++ v.1.4.0
2024/11/27 (18:46:47) | ERROR: Invalid hex value: ebfafa

# Color of inactive/disabled text
theme[inactive_fg]=
2024/11/27 (18:46:47) | ERROR: Invalid hex value: ebfafa

# Background color of the percentage meters
theme[meter_bg]=
2024/11/27 (18:46:47) | ERROR: Invalid hex value: ebfafa

# Title color for boxes
theme[title]=

2024/11/28 (17:14:29) | ===> btop++ v.1.4.0
2024/11/28 (17:14:29) | ERROR: Invalid hex value: ebfafa

# Color of inactive/disabled text
theme[inactive_fg]=
2024/11/28 (17:14:29) | ERROR: Invalid hex value: ebfafa

# Background color of the percentage meters
theme[meter_bg]=
2024/11/28 (17:14:29) | ERROR: Invalid hex value: ebfafa

# Title color for boxes
theme[title]=

2025/02/08 (14:06:44) | ===> btop++ v.1.4.0
2025/02/08 (14:06:44) | ERROR: Invalid hex value: ebfafa

# Color of inactive/disabled text
theme[inactive_fg]=
2025/02/08 (14:06:44) | ERROR: Invalid hex value: ebfafa

# Background color of the percentage meters
theme[meter_bg]=
2025/02/08 (14:06:44) | ERROR: Invalid hex value: ebfafa

# Title color for boxes
theme[title]=

2025/02/09 (08:41:14) | ===> btop++ v.1.4.0
2025/02/09 (08:41:14) | ERROR: Invalid hex value: ebfafa

# Color of inactive/disabled text
theme[inactive_fg]=
2025/02/09 (08:41:14) | ERROR: Invalid hex value: ebfafa

# Background color of the percentage meters
theme[meter_bg]=
2025/02/09 (08:41:14) | ERROR: Invalid hex value: ebfafa

# Title color for boxes
theme[title]=

2025/02/09 (09:45:13) | ===> btop++ v.1.4.0
2025/02/09 (09:45:13) | ERROR: Invalid hex value: ebfafa

# Color of inactive/disabled text
theme[inactive_fg]=
2025/02/09 (09:45:13) | ERROR: Invalid hex value: ebfafa

# Background color of the percentage meters
theme[meter_bg]=
2025/02/09 (09:45:13) | ERROR: Invalid hex value: ebfafa

# Title color for boxes
theme[title]=

2025/02/10 (17:03:24) | ===> btop++ v.1.4.0
2025/02/10 (17:03:24) | ERROR: Invalid hex value: ebfafa

# Color of inactive/disabled text
theme[inactive_fg]=
2025/02/10 (17:03:24) | ERROR: Invalid hex value: ebfafa

# Background color of the percentage meters
theme[meter_bg]=
2025/02/10 (17:03:24) | ERROR: Invalid hex value: ebfafa

# Title color for boxes
theme[title]=

2025/02/17 (17:00:19) | ===> btop++ v.1.4.0
2025/02/17 (17:00:19) | ERROR: Invalid hex value: ebfafa

# Color of inactive/disabled text
theme[inactive_fg]=
2025/02/17 (17:00:19) | ERROR: Invalid hex value: ebfafa

# Background color of the percentage meters
theme[meter_bg]=
2025/02/17 (17:00:19) | ERROR: Invalid hex value: ebfafa

# Title color for boxes
theme[title]=

2025/02/25 (21:50:32) | ===> btop++ v.1.4.0
2025/02/25 (21:50:32) | ERROR: Invalid hex value: ebfafa

# Color of inactive/disabled text
theme[inactive_fg]=
2025/02/25 (21:50:32) | ERROR: Invalid hex value: ebfafa

# Background color of the percentage meters
theme[meter_bg]=
2025/02/25 (21:50:32) | ERROR: Invalid hex value: ebfafa

# Title color for boxes
theme[title]=

2025/04/03 (11:18:38) | ===> btop++ v.1.4.0
2025/04/03 (11:18:38) | ERROR: Exception during Config::unlock() : unordered_map::at
